<?xml version="1.0" encoding="UTF-8"?>
<TestRun id="6d7d95e1-2619-4fde-b77c-395c5c89736c" name="DRabb@DRABB-B96A570CE 2009-12-14 22:33:03" runUser="DRABB-B96A570CE\DRabb" xmlns="http://microsoft.com/schemas/VisualStudio/TeamTest/2006">
  <TestRunConfiguration name="Default Run Configuration" id="eec1a7f1-443d-483f-a444-79100eef5d37">
    <Deployment runDeploymentRoot="C:\Documents and Settings\DRabb\My Documents\Visual Studio 2008\Projects\MovieDB\TestResults\DRabb_DRABB-B96A570CE 2009-12-14 22_33_03">
      <DeploymentItem filename="C:\Documents and Settings\DRabb\My Documents\Visual Studio 2008\Projects\MovieDB\MovieDB\bin\MovieDB.dll" />
    </Deployment>
    <Hosts skipUnhostableTests="false" />
    <TestTypeSpecific />
  </TestRunConfiguration>
  <ResultSummary outcome="Failed">
    <Counters total="29" executed="29" passed="27" error="0" failed="2" timeout="0" aborted="0" inconclusive="0" passedButRunAborted="0" notRunnable="0" notExecuted="0" disconnected="0" warning="0" completed="0" inProgress="0" pending="0" />
  </ResultSummary>
  <Times creation="2009-12-14T22:33:03.4953750-05:00" queuing="2009-12-14T22:33:05.7141250-05:00" start="2009-12-14T22:33:05.9485000-05:00" finish="2009-12-14T22:33:07.1047500-05:00" />
  <TestDefinitions>
    <UnitTest name="RegisterPostReturnsViewIfRegistrationFails" storage="c:\documents and settings\drabb\my documents\visual studio 2008\projects\moviedb\moviedb.tests\bin\debug\moviedb.tests.dll" id="08409353-5a43-251a-25ff-10633b1b0ad9">
      <Css projectStructure="" iteration="" />
      <Owners>
        <Owner name="" />
      </Owners>
      <Execution id="5c42c7b6-19e2-4083-9568-d13bb5340e63" />
      <TestMethod codeBase="C:\Documents and Settings\DRabb\My Documents\Visual Studio 2008\Projects\MovieDB\MovieDB.Tests\bin\Debug\MovieDB.Tests.dll" adapterTypeName="Microsoft.VisualStudio.TestTools.TestTypes.Unit.UnitTestAdapter, Microsoft.VisualStudio.QualityTools.Tips.UnitTest.Adapter, Version=9.0.0.0, Culture=neutral, PublicKeyToken=b03f5f7f11d50a3a" className="MovieDB.Tests.Controllers.AccountControllerTest, MovieDB.Tests" name="RegisterPostReturnsViewIfRegistrationFails" />
    </UnitTest>
    <UnitTest name="LoginPostRedirectsHomeIfLoginSuccessfulButNoReturnUrlGiven" storage="c:\documents and settings\drabb\my documents\visual studio 2008\projects\moviedb\moviedb.tests\bin\debug\moviedb.tests.dll" id="183ee398-f941-fcf0-b5a1-818cbe1573a6">
      <Css projectStructure="" iteration="" />
      <Owners>
        <Owner name="" />
      </Owners>
      <Execution id="0e20ed89-c2f8-4ac1-889f-c514eef8ceef" />
      <TestMethod codeBase="C:\Documents and Settings\DRabb\My Documents\Visual Studio 2008\Projects\MovieDB\MovieDB.Tests\bin\Debug\MovieDB.Tests.dll" adapterTypeName="Microsoft.VisualStudio.TestTools.TestTypes.Unit.UnitTestAdapter, Microsoft.VisualStudio.QualityTools.Tips.UnitTest.Adapter, Version=9.0.0.0, Culture=neutral, PublicKeyToken=b03f5f7f11d50a3a" className="MovieDB.Tests.Controllers.AccountControllerTest, MovieDB.Tests" name="LoginPostRedirectsHomeIfLoginSuccessfulButNoReturnUrlGiven" />
    </UnitTest>
    <UnitTest name="LoginPostReturnsViewIfUsernameNotSpecified" storage="c:\documents and settings\drabb\my documents\visual studio 2008\projects\moviedb\moviedb.tests\bin\debug\moviedb.tests.dll" id="83b86e71-838e-9106-009c-0328dff7f341">
      <Css projectStructure="" iteration="" />
      <Owners>
        <Owner name="" />
      </Owners>
      <Execution id="fac3ec1c-f408-4259-a78f-ef04b2342125" />
      <TestMethod codeBase="C:\Documents and Settings\DRabb\My Documents\Visual Studio 2008\Projects\MovieDB\MovieDB.Tests\bin\Debug\MovieDB.Tests.dll" adapterTypeName="Microsoft.VisualStudio.TestTools.TestTypes.Unit.UnitTestAdapter, Microsoft.VisualStudio.QualityTools.Tips.UnitTest.Adapter, Version=9.0.0.0, Culture=neutral, PublicKeyToken=b03f5f7f11d50a3a" className="MovieDB.Tests.Controllers.AccountControllerTest, MovieDB.Tests" name="LoginPostReturnsViewIfUsernameNotSpecified" />
    </UnitTest>
    <UnitTest name="About" storage="c:\documents and settings\drabb\my documents\visual studio 2008\projects\moviedb\moviedb.tests\bin\debug\moviedb.tests.dll" id="2d80cd66-1633-1662-54e1-c5806e7eb800">
      <Css projectStructure="" iteration="" />
      <Owners>
        <Owner name="" />
      </Owners>
      <Execution id="7b307516-c924-41a3-ad86-183affc29087" />
      <TestMethod codeBase="C:\Documents and Settings\DRabb\My Documents\Visual Studio 2008\Projects\MovieDB\MovieDB.Tests\bin\Debug\MovieDB.Tests.dll" adapterTypeName="Microsoft.VisualStudio.TestTools.TestTypes.Unit.UnitTestAdapter, Microsoft.VisualStudio.QualityTools.Tips.UnitTest.Adapter, Version=9.0.0.0, Culture=neutral, PublicKeyToken=b03f5f7f11d50a3a" className="MovieDB.Tests.Controllers.HomeControllerTest, MovieDB.Tests" name="About" />
    </UnitTest>
    <UnitTest name="ChangePasswordPostReturnsViewIfNewPasswordDoesNotMatchConfirmPassword" storage="c:\documents and settings\drabb\my documents\visual studio 2008\projects\moviedb\moviedb.tests\bin\debug\moviedb.tests.dll" id="38068b20-a28a-0024-bdff-eecbc048f33a">
      <Css projectStructure="" iteration="" />
      <Owners>
        <Owner name="" />
      </Owners>
      <Execution id="43fe6f14-53fa-488a-b281-1bd4eb87d96f" />
      <TestMethod codeBase="C:\Documents and Settings\DRabb\My Documents\Visual Studio 2008\Projects\MovieDB\MovieDB.Tests\bin\Debug\MovieDB.Tests.dll" adapterTypeName="Microsoft.VisualStudio.TestTools.TestTypes.Unit.UnitTestAdapter, Microsoft.VisualStudio.QualityTools.Tips.UnitTest.Adapter, Version=9.0.0.0, Culture=neutral, PublicKeyToken=b03f5f7f11d50a3a" className="MovieDB.Tests.Controllers.AccountControllerTest, MovieDB.Tests" name="ChangePasswordPostReturnsViewIfNewPasswordDoesNotMatchConfirmPassword" />
    </UnitTest>
    <UnitTest name="RegisterGet" storage="c:\documents and settings\drabb\my documents\visual studio 2008\projects\moviedb\moviedb.tests\bin\debug\moviedb.tests.dll" id="6adb89d0-b6b5-d18b-4cf6-ecfdb624cb55">
      <Css projectStructure="" iteration="" />
      <Owners>
        <Owner name="" />
      </Owners>
      <Execution id="cd1536f6-c9e3-4451-9896-1dd8f4993ae9" />
      <TestMethod codeBase="C:\Documents and Settings\DRabb\My Documents\Visual Studio 2008\Projects\MovieDB\MovieDB.Tests\bin\Debug\MovieDB.Tests.dll" adapterTypeName="Microsoft.VisualStudio.TestTools.TestTypes.Unit.UnitTestAdapter, Microsoft.VisualStudio.QualityTools.Tips.UnitTest.Adapter, Version=9.0.0.0, Culture=neutral, PublicKeyToken=b03f5f7f11d50a3a" className="MovieDB.Tests.Controllers.AccountControllerTest, MovieDB.Tests" name="RegisterGet" />
    </UnitTest>
    <UnitTest name="Movie_Should_Be_Valid_When_Props_Correct" storage="c:\documents and settings\drabb\my documents\visual studio 2008\projects\moviedb\moviedb.tests\bin\debug\moviedb.tests.dll" id="740c8d06-ca32-5fa8-6216-55d309c191b2">
      <Css projectStructure="" iteration="" />
      <Owners>
        <Owner name="" />
      </Owners>
      <Execution id="1b2e3909-cb02-4790-98b2-af6c29a6d11c" />
      <TestMethod codeBase="C:\Documents and Settings\DRabb\My Documents\Visual Studio 2008\Projects\MovieDB\MovieDB.Tests\bin\Debug\MovieDB.Tests.dll" adapterTypeName="Microsoft.VisualStudio.TestTools.TestTypes.Unit.UnitTestAdapter, Microsoft.VisualStudio.QualityTools.Tips.UnitTest.Adapter, Version=9.0.0.0, Culture=neutral, PublicKeyToken=b03f5f7f11d50a3a" className="MovieDB.Tests.Models.MovieTest, MovieDB.Tests" name="Movie_Should_Be_Valid_When_Props_Correct" />
    </UnitTest>
    <UnitTest name="RegisterPostReturnsViewIfUsernameNotSpecified" storage="c:\documents and settings\drabb\my documents\visual studio 2008\projects\moviedb\moviedb.tests\bin\debug\moviedb.tests.dll" id="a2e448b8-4296-e572-c17b-1815d50814af">
      <Css projectStructure="" iteration="" />
      <Owners>
        <Owner name="" />
      </Owners>
      <Execution id="f548814d-bb34-455d-a2f0-a4e04a90661b" />
      <TestMethod codeBase="C:\Documents and Settings\DRabb\My Documents\Visual Studio 2008\Projects\MovieDB\MovieDB.Tests\bin\Debug\MovieDB.Tests.dll" adapterTypeName="Microsoft.VisualStudio.TestTools.TestTypes.Unit.UnitTestAdapter, Microsoft.VisualStudio.QualityTools.Tips.UnitTest.Adapter, Version=9.0.0.0, Culture=neutral, PublicKeyToken=b03f5f7f11d50a3a" className="MovieDB.Tests.Controllers.AccountControllerTest, MovieDB.Tests" name="RegisterPostReturnsViewIfUsernameNotSpecified" />
    </UnitTest>
    <UnitTest name="ChangePasswordPostReturnsViewIfNewPasswordIsTooShort" storage="c:\documents and settings\drabb\my documents\visual studio 2008\projects\moviedb\moviedb.tests\bin\debug\moviedb.tests.dll" id="918d62d4-0f8a-b471-d731-308cf8a0e4b1">
      <Css projectStructure="" iteration="" />
      <Owners>
        <Owner name="" />
      </Owners>
      <Execution id="8cc39c76-6bdb-43df-abac-c48999092dd3" />
      <TestMethod codeBase="C:\Documents and Settings\DRabb\My Documents\Visual Studio 2008\Projects\MovieDB\MovieDB.Tests\bin\Debug\MovieDB.Tests.dll" adapterTypeName="Microsoft.VisualStudio.TestTools.TestTypes.Unit.UnitTestAdapter, Microsoft.VisualStudio.QualityTools.Tips.UnitTest.Adapter, Version=9.0.0.0, Culture=neutral, PublicKeyToken=b03f5f7f11d50a3a" className="MovieDB.Tests.Controllers.AccountControllerTest, MovieDB.Tests" name="ChangePasswordPostReturnsViewIfNewPasswordIsTooShort" />
    </UnitTest>
    <UnitTest name="RegisterPostReturnsViewIfPasswordIsTooShort" storage="c:\documents and settings\drabb\my documents\visual studio 2008\projects\moviedb\moviedb.tests\bin\debug\moviedb.tests.dll" id="f1a48eb2-3f50-b3b1-5ea3-aa4dbaa8527c">
      <Css projectStructure="" iteration="" />
      <Owners>
        <Owner name="" />
      </Owners>
      <Execution id="49cdaac8-dcb1-4eab-8e4b-e2957cae3b40" />
      <TestMethod codeBase="C:\Documents and Settings\DRabb\My Documents\Visual Studio 2008\Projects\MovieDB\MovieDB.Tests\bin\Debug\MovieDB.Tests.dll" adapterTypeName="Microsoft.VisualStudio.TestTools.TestTypes.Unit.UnitTestAdapter, Microsoft.VisualStudio.QualityTools.Tips.UnitTest.Adapter, Version=9.0.0.0, Culture=neutral, PublicKeyToken=b03f5f7f11d50a3a" className="MovieDB.Tests.Controllers.AccountControllerTest, MovieDB.Tests" name="RegisterPostReturnsViewIfPasswordIsTooShort" />
    </UnitTest>
    <UnitTest name="ConstructorSetsPropertiesToDefaultValues" storage="c:\documents and settings\drabb\my documents\visual studio 2008\projects\moviedb\moviedb.tests\bin\debug\moviedb.tests.dll" id="a6993fb8-9798-80e3-682c-43e6a1891d6a">
      <Css projectStructure="" iteration="" />
      <Owners>
        <Owner name="" />
      </Owners>
      <Execution id="8a061b9f-c2c8-420b-94ce-8d5337c66ba3" />
      <TestMethod codeBase="C:\Documents and Settings\DRabb\My Documents\Visual Studio 2008\Projects\MovieDB\MovieDB.Tests\bin\Debug\MovieDB.Tests.dll" adapterTypeName="Microsoft.VisualStudio.TestTools.TestTypes.Unit.UnitTestAdapter, Microsoft.VisualStudio.QualityTools.Tips.UnitTest.Adapter, Version=9.0.0.0, Culture=neutral, PublicKeyToken=b03f5f7f11d50a3a" className="MovieDB.Tests.Controllers.AccountControllerTest, MovieDB.Tests" name="ConstructorSetsPropertiesToDefaultValues" />
    </UnitTest>
    <UnitTest name="ConstructorSetsProperties" storage="c:\documents and settings\drabb\my documents\visual studio 2008\projects\moviedb\moviedb.tests\bin\debug\moviedb.tests.dll" id="cbbc67a1-65a0-501d-7c6c-ab0d1e88878e">
      <Css projectStructure="" iteration="" />
      <Owners>
        <Owner name="" />
      </Owners>
      <Execution id="5538f919-27dd-458c-87ea-aebdd745442b" />
      <TestMethod codeBase="C:\Documents and Settings\DRabb\My Documents\Visual Studio 2008\Projects\MovieDB\MovieDB.Tests\bin\Debug\MovieDB.Tests.dll" adapterTypeName="Microsoft.VisualStudio.TestTools.TestTypes.Unit.UnitTestAdapter, Microsoft.VisualStudio.QualityTools.Tips.UnitTest.Adapter, Version=9.0.0.0, Culture=neutral, PublicKeyToken=b03f5f7f11d50a3a" className="MovieDB.Tests.Controllers.AccountControllerTest, MovieDB.Tests" name="ConstructorSetsProperties" />
    </UnitTest>
    <UnitTest name="LoginGet" storage="c:\documents and settings\drabb\my documents\visual studio 2008\projects\moviedb\moviedb.tests\bin\debug\moviedb.tests.dll" id="98bea2f0-943a-cea8-daa8-0185277b476a">
      <Css projectStructure="" iteration="" />
      <Owners>
        <Owner name="" />
      </Owners>
      <Execution id="9327ce52-9885-423e-adda-1c4bfd5edff1" />
      <TestMethod codeBase="C:\Documents and Settings\DRabb\My Documents\Visual Studio 2008\Projects\MovieDB\MovieDB.Tests\bin\Debug\MovieDB.Tests.dll" adapterTypeName="Microsoft.VisualStudio.TestTools.TestTypes.Unit.UnitTestAdapter, Microsoft.VisualStudio.QualityTools.Tips.UnitTest.Adapter, Version=9.0.0.0, Culture=neutral, PublicKeyToken=b03f5f7f11d50a3a" className="MovieDB.Tests.Controllers.AccountControllerTest, MovieDB.Tests" name="LoginGet" />
    </UnitTest>
    <UnitTest name="LoginPostRedirectsToReturnUrlIfLoginSuccessfulAndReturnUrlGiven" storage="c:\documents and settings\drabb\my documents\visual studio 2008\projects\moviedb\moviedb.tests\bin\debug\moviedb.tests.dll" id="9ba770e0-0e0d-1b19-eef4-6de0771752f6">
      <Css projectStructure="" iteration="" />
      <Owners>
        <Owner name="" />
      </Owners>
      <Execution id="878e07d9-52f0-4f54-9dd7-8a24ad5c6d01" />
      <TestMethod codeBase="C:\Documents and Settings\DRabb\My Documents\Visual Studio 2008\Projects\MovieDB\MovieDB.Tests\bin\Debug\MovieDB.Tests.dll" adapterTypeName="Microsoft.VisualStudio.TestTools.TestTypes.Unit.UnitTestAdapter, Microsoft.VisualStudio.QualityTools.Tips.UnitTest.Adapter, Version=9.0.0.0, Culture=neutral, PublicKeyToken=b03f5f7f11d50a3a" className="MovieDB.Tests.Controllers.AccountControllerTest, MovieDB.Tests" name="LoginPostRedirectsToReturnUrlIfLoginSuccessfulAndReturnUrlGiven" />
    </UnitTest>
    <UnitTest name="ChangePasswordPostReturnsViewIfCurrentPasswordNotSpecified" storage="c:\documents and settings\drabb\my documents\visual studio 2008\projects\moviedb\moviedb.tests\bin\debug\moviedb.tests.dll" id="1e682f06-c984-824a-f34a-32f4231def54">
      <Css projectStructure="" iteration="" />
      <Owners>
        <Owner name="" />
      </Owners>
      <Execution id="e4811b38-3a71-4c67-b2cc-49c0198592e5" />
      <TestMethod codeBase="C:\Documents and Settings\DRabb\My Documents\Visual Studio 2008\Projects\MovieDB\MovieDB.Tests\bin\Debug\MovieDB.Tests.dll" adapterTypeName="Microsoft.VisualStudio.TestTools.TestTypes.Unit.UnitTestAdapter, Microsoft.VisualStudio.QualityTools.Tips.UnitTest.Adapter, Version=9.0.0.0, Culture=neutral, PublicKeyToken=b03f5f7f11d50a3a" className="MovieDB.Tests.Controllers.AccountControllerTest, MovieDB.Tests" name="ChangePasswordPostReturnsViewIfCurrentPasswordNotSpecified" />
    </UnitTest>
    <UnitTest name="ChangePasswordSuccess" storage="c:\documents and settings\drabb\my documents\visual studio 2008\projects\moviedb\moviedb.tests\bin\debug\moviedb.tests.dll" id="ed6d8e19-eafb-5ecb-c310-41a2af878912">
      <Css projectStructure="" iteration="" />
      <Owners>
        <Owner name="" />
      </Owners>
      <Execution id="528a9040-d7fb-4a2d-9200-fff0d1935d17" />
      <TestMethod codeBase="C:\Documents and Settings\DRabb\My Documents\Visual Studio 2008\Projects\MovieDB\MovieDB.Tests\bin\Debug\MovieDB.Tests.dll" adapterTypeName="Microsoft.VisualStudio.TestTools.TestTypes.Unit.UnitTestAdapter, Microsoft.VisualStudio.QualityTools.Tips.UnitTest.Adapter, Version=9.0.0.0, Culture=neutral, PublicKeyToken=b03f5f7f11d50a3a" className="MovieDB.Tests.Controllers.AccountControllerTest, MovieDB.Tests" name="ChangePasswordSuccess" />
    </UnitTest>
    <UnitTest name="ChangePasswordPostReturnsViewIfNewPasswordIsNull" storage="c:\documents and settings\drabb\my documents\visual studio 2008\projects\moviedb\moviedb.tests\bin\debug\moviedb.tests.dll" id="216b5718-4bd4-6097-53ca-226f89fd0359">
      <Css projectStructure="" iteration="" />
      <Owners>
        <Owner name="" />
      </Owners>
      <Execution id="cd35b5bc-747f-4269-b4aa-39457c9cdd05" />
      <TestMethod codeBase="C:\Documents and Settings\DRabb\My Documents\Visual Studio 2008\Projects\MovieDB\MovieDB.Tests\bin\Debug\MovieDB.Tests.dll" adapterTypeName="Microsoft.VisualStudio.TestTools.TestTypes.Unit.UnitTestAdapter, Microsoft.VisualStudio.QualityTools.Tips.UnitTest.Adapter, Version=9.0.0.0, Culture=neutral, PublicKeyToken=b03f5f7f11d50a3a" className="MovieDB.Tests.Controllers.AccountControllerTest, MovieDB.Tests" name="ChangePasswordPostReturnsViewIfNewPasswordIsNull" />
    </UnitTest>
    <UnitTest name="RegisterPostReturnsViewIfPasswordIsNull" storage="c:\documents and settings\drabb\my documents\visual studio 2008\projects\moviedb\moviedb.tests\bin\debug\moviedb.tests.dll" id="38870fea-6ceb-2cdf-7cbf-2cf05882dacd">
      <Css projectStructure="" iteration="" />
      <Owners>
        <Owner name="" />
      </Owners>
      <Execution id="82b9ff57-9197-4c66-ba02-f2723b3c1934" />
      <TestMethod codeBase="C:\Documents and Settings\DRabb\My Documents\Visual Studio 2008\Projects\MovieDB\MovieDB.Tests\bin\Debug\MovieDB.Tests.dll" adapterTypeName="Microsoft.VisualStudio.TestTools.TestTypes.Unit.UnitTestAdapter, Microsoft.VisualStudio.QualityTools.Tips.UnitTest.Adapter, Version=9.0.0.0, Culture=neutral, PublicKeyToken=b03f5f7f11d50a3a" className="MovieDB.Tests.Controllers.AccountControllerTest, MovieDB.Tests" name="RegisterPostReturnsViewIfPasswordIsNull" />
    </UnitTest>
    <UnitTest name="RegisterPostReturnsViewIfNewPasswordDoesNotMatchConfirmPassword" storage="c:\documents and settings\drabb\my documents\visual studio 2008\projects\moviedb\moviedb.tests\bin\debug\moviedb.tests.dll" id="6f314939-7551-fa1d-dac4-16ef1bd0e910">
      <Css projectStructure="" iteration="" />
      <Owners>
        <Owner name="" />
      </Owners>
      <Execution id="f1d99144-0dbd-4dc9-8027-c712051fe2d0" />
      <TestMethod codeBase="C:\Documents and Settings\DRabb\My Documents\Visual Studio 2008\Projects\MovieDB\MovieDB.Tests\bin\Debug\MovieDB.Tests.dll" adapterTypeName="Microsoft.VisualStudio.TestTools.TestTypes.Unit.UnitTestAdapter, Microsoft.VisualStudio.QualityTools.Tips.UnitTest.Adapter, Version=9.0.0.0, Culture=neutral, PublicKeyToken=b03f5f7f11d50a3a" className="MovieDB.Tests.Controllers.AccountControllerTest, MovieDB.Tests" name="RegisterPostReturnsViewIfNewPasswordDoesNotMatchConfirmPassword" />
    </UnitTest>
    <UnitTest name="LoginPostReturnsViewIfPasswordNotSpecified" storage="c:\documents and settings\drabb\my documents\visual studio 2008\projects\moviedb\moviedb.tests\bin\debug\moviedb.tests.dll" id="234565a9-9370-2bc0-4c42-85df4b431ce3">
      <Css projectStructure="" iteration="" />
      <Owners>
        <Owner name="" />
      </Owners>
      <Execution id="00337df3-8216-4c25-a358-8cb3745f81aa" />
      <TestMethod codeBase="C:\Documents and Settings\DRabb\My Documents\Visual Studio 2008\Projects\MovieDB\MovieDB.Tests\bin\Debug\MovieDB.Tests.dll" adapterTypeName="Microsoft.VisualStudio.TestTools.TestTypes.Unit.UnitTestAdapter, Microsoft.VisualStudio.QualityTools.Tips.UnitTest.Adapter, Version=9.0.0.0, Culture=neutral, PublicKeyToken=b03f5f7f11d50a3a" className="MovieDB.Tests.Controllers.AccountControllerTest, MovieDB.Tests" name="LoginPostReturnsViewIfPasswordNotSpecified" />
    </UnitTest>
    <UnitTest name="RegisterPostReturnsViewIfEmailNotSpecified" storage="c:\documents and settings\drabb\my documents\visual studio 2008\projects\moviedb\moviedb.tests\bin\debug\moviedb.tests.dll" id="99cd90c5-4134-84e6-0958-fdb058ced183">
      <Css projectStructure="" iteration="" />
      <Owners>
        <Owner name="" />
      </Owners>
      <Execution id="a497f0e9-76dc-4a8f-adba-35b29b334b65" />
      <TestMethod codeBase="C:\Documents and Settings\DRabb\My Documents\Visual Studio 2008\Projects\MovieDB\MovieDB.Tests\bin\Debug\MovieDB.Tests.dll" adapterTypeName="Microsoft.VisualStudio.TestTools.TestTypes.Unit.UnitTestAdapter, Microsoft.VisualStudio.QualityTools.Tips.UnitTest.Adapter, Version=9.0.0.0, Culture=neutral, PublicKeyToken=b03f5f7f11d50a3a" className="MovieDB.Tests.Controllers.AccountControllerTest, MovieDB.Tests" name="RegisterPostReturnsViewIfEmailNotSpecified" />
    </UnitTest>
    <UnitTest name="LoginPostReturnsViewIfUsernameOrPasswordIsIncorrect" storage="c:\documents and settings\drabb\my documents\visual studio 2008\projects\moviedb\moviedb.tests\bin\debug\moviedb.tests.dll" id="12cefc95-5d89-c605-c676-c6666088c5b3">
      <Css projectStructure="" iteration="" />
      <Owners>
        <Owner name="" />
      </Owners>
      <Execution id="b9f348b7-cd6e-4ca2-a6d9-d5a959d5ec79" />
      <TestMethod codeBase="C:\Documents and Settings\DRabb\My Documents\Visual Studio 2008\Projects\MovieDB\MovieDB.Tests\bin\Debug\MovieDB.Tests.dll" adapterTypeName="Microsoft.VisualStudio.TestTools.TestTypes.Unit.UnitTestAdapter, Microsoft.VisualStudio.QualityTools.Tips.UnitTest.Adapter, Version=9.0.0.0, Culture=neutral, PublicKeyToken=b03f5f7f11d50a3a" className="MovieDB.Tests.Controllers.AccountControllerTest, MovieDB.Tests" name="LoginPostReturnsViewIfUsernameOrPasswordIsIncorrect" />
    </UnitTest>
    <UnitTest name="Index" storage="c:\documents and settings\drabb\my documents\visual studio 2008\projects\moviedb\moviedb.tests\bin\debug\moviedb.tests.dll" id="66e14f3b-35d4-7e8a-9bcc-c11a69d1b628">
      <Css projectStructure="" iteration="" />
      <Owners>
        <Owner name="" />
      </Owners>
      <Execution id="6a924d6b-c5cb-4460-b5e7-a749c29e1f84" />
      <TestMethod codeBase="C:\Documents and Settings\DRabb\My Documents\Visual Studio 2008\Projects\MovieDB\MovieDB.Tests\bin\Debug\MovieDB.Tests.dll" adapterTypeName="Microsoft.VisualStudio.TestTools.TestTypes.Unit.UnitTestAdapter, Microsoft.VisualStudio.QualityTools.Tips.UnitTest.Adapter, Version=9.0.0.0, Culture=neutral, PublicKeyToken=b03f5f7f11d50a3a" className="MovieDB.Tests.Controllers.HomeControllerTest, MovieDB.Tests" name="Index" />
    </UnitTest>
    <UnitTest name="RegisterPostRedirectsHomeIfRegistrationSuccessful" storage="c:\documents and settings\drabb\my documents\visual studio 2008\projects\moviedb\moviedb.tests\bin\debug\moviedb.tests.dll" id="d6c9c08a-6e57-7a0b-5c23-f1577eea53f2">
      <Css projectStructure="" iteration="" />
      <Owners>
        <Owner name="" />
      </Owners>
      <Execution id="b81e1385-5989-4424-b0b3-1bfb3d316078" />
      <TestMethod codeBase="C:\Documents and Settings\DRabb\My Documents\Visual Studio 2008\Projects\MovieDB\MovieDB.Tests\bin\Debug\MovieDB.Tests.dll" adapterTypeName="Microsoft.VisualStudio.TestTools.TestTypes.Unit.UnitTestAdapter, Microsoft.VisualStudio.QualityTools.Tips.UnitTest.Adapter, Version=9.0.0.0, Culture=neutral, PublicKeyToken=b03f5f7f11d50a3a" className="MovieDB.Tests.Controllers.AccountControllerTest, MovieDB.Tests" name="RegisterPostRedirectsHomeIfRegistrationSuccessful" />
    </UnitTest>
    <UnitTest name="ChangePasswordPostRedirectsOnSuccess" storage="c:\documents and settings\drabb\my documents\visual studio 2008\projects\moviedb\moviedb.tests\bin\debug\moviedb.tests.dll" id="08ccbb73-938c-b776-9f1a-6062fff03b34">
      <Css projectStructure="" iteration="" />
      <Owners>
        <Owner name="" />
      </Owners>
      <Execution id="62ddd4a3-8337-4b04-9ac2-fa686b20c43c" />
      <TestMethod codeBase="C:\Documents and Settings\DRabb\My Documents\Visual Studio 2008\Projects\MovieDB\MovieDB.Tests\bin\Debug\MovieDB.Tests.dll" adapterTypeName="Microsoft.VisualStudio.TestTools.TestTypes.Unit.UnitTestAdapter, Microsoft.VisualStudio.QualityTools.Tips.UnitTest.Adapter, Version=9.0.0.0, Culture=neutral, PublicKeyToken=b03f5f7f11d50a3a" className="MovieDB.Tests.Controllers.AccountControllerTest, MovieDB.Tests" name="ChangePasswordPostRedirectsOnSuccess" />
    </UnitTest>
    <UnitTest name="ChangePasswordGetReturnsView" storage="c:\documents and settings\drabb\my documents\visual studio 2008\projects\moviedb\moviedb.tests\bin\debug\moviedb.tests.dll" id="f364633a-e3b3-6ef5-7899-d7dddcf2f7e2">
      <Css projectStructure="" iteration="" />
      <Owners>
        <Owner name="" />
      </Owners>
      <Execution id="a1936ca2-ba3c-461f-82da-4f02f55f1d8a" />
      <TestMethod codeBase="C:\Documents and Settings\DRabb\My Documents\Visual Studio 2008\Projects\MovieDB\MovieDB.Tests\bin\Debug\MovieDB.Tests.dll" adapterTypeName="Microsoft.VisualStudio.TestTools.TestTypes.Unit.UnitTestAdapter, Microsoft.VisualStudio.QualityTools.Tips.UnitTest.Adapter, Version=9.0.0.0, Culture=neutral, PublicKeyToken=b03f5f7f11d50a3a" className="MovieDB.Tests.Controllers.AccountControllerTest, MovieDB.Tests" name="ChangePasswordGetReturnsView" />
    </UnitTest>
    <UnitTest name="Movie_Should_Be_Invalid_When_Props_Incorrect" storage="c:\documents and settings\drabb\my documents\visual studio 2008\projects\moviedb\moviedb.tests\bin\debug\moviedb.tests.dll" id="9b5e4c1d-75f0-ef57-97e4-b18106de3264">
      <Css projectStructure="" iteration="" />
      <Owners>
        <Owner name="" />
      </Owners>
      <Execution id="3b0e472d-e805-4599-924c-7f7671dd505c" />
      <TestMethod codeBase="C:\Documents and Settings\DRabb\My Documents\Visual Studio 2008\Projects\MovieDB\MovieDB.Tests\bin\Debug\MovieDB.Tests.dll" adapterTypeName="Microsoft.VisualStudio.TestTools.TestTypes.Unit.UnitTestAdapter, Microsoft.VisualStudio.QualityTools.Tips.UnitTest.Adapter, Version=9.0.0.0, Culture=neutral, PublicKeyToken=b03f5f7f11d50a3a" className="MovieDB.Tests.Models.MovieTest, MovieDB.Tests" name="Movie_Should_Be_Invalid_When_Props_Incorrect" />
    </UnitTest>
    <UnitTest name="LogOff" storage="c:\documents and settings\drabb\my documents\visual studio 2008\projects\moviedb\moviedb.tests\bin\debug\moviedb.tests.dll" id="b0807b3b-793c-48a6-cb98-aa0dcaf2bf90">
      <Css projectStructure="" iteration="" />
      <Owners>
        <Owner name="" />
      </Owners>
      <Execution id="37f5740a-b9d2-4bf8-ba77-545a4edec990" />
      <TestMethod codeBase="C:\Documents and Settings\DRabb\My Documents\Visual Studio 2008\Projects\MovieDB\MovieDB.Tests\bin\Debug\MovieDB.Tests.dll" adapterTypeName="Microsoft.VisualStudio.TestTools.TestTypes.Unit.UnitTestAdapter, Microsoft.VisualStudio.QualityTools.Tips.UnitTest.Adapter, Version=9.0.0.0, Culture=neutral, PublicKeyToken=b03f5f7f11d50a3a" className="MovieDB.Tests.Controllers.AccountControllerTest, MovieDB.Tests" name="LogOff" />
    </UnitTest>
    <UnitTest name="ChangePasswordPostReturnsViewIfProviderRejectsPassword" storage="c:\documents and settings\drabb\my documents\visual studio 2008\projects\moviedb\moviedb.tests\bin\debug\moviedb.tests.dll" id="f5a547a7-ee24-959f-8825-0044a66fb5e4">
      <Css projectStructure="" iteration="" />
      <Owners>
        <Owner name="" />
      </Owners>
      <Execution id="f476b648-154e-4815-99f5-d2f0cc31bcde" />
      <TestMethod codeBase="C:\Documents and Settings\DRabb\My Documents\Visual Studio 2008\Projects\MovieDB\MovieDB.Tests\bin\Debug\MovieDB.Tests.dll" adapterTypeName="Microsoft.VisualStudio.TestTools.TestTypes.Unit.UnitTestAdapter, Microsoft.VisualStudio.QualityTools.Tips.UnitTest.Adapter, Version=9.0.0.0, Culture=neutral, PublicKeyToken=b03f5f7f11d50a3a" className="MovieDB.Tests.Controllers.AccountControllerTest, MovieDB.Tests" name="ChangePasswordPostReturnsViewIfProviderRejectsPassword" />
    </UnitTest>
  </TestDefinitions>
  <TestLists>
    <TestList name="Results Not in a List" id="8c84fa94-04c1-424b-9868-57a2d4851a1d" />
    <TestList name="All Loaded Results" id="19431567-8539-422a-85d7-44ee4e166bda" />
  </TestLists>
  <TestEntries>
    <TestEntry testId="08409353-5a43-251a-25ff-10633b1b0ad9" executionId="5c42c7b6-19e2-4083-9568-d13bb5340e63" testListId="8c84fa94-04c1-424b-9868-57a2d4851a1d" />
    <TestEntry testId="08ccbb73-938c-b776-9f1a-6062fff03b34" executionId="62ddd4a3-8337-4b04-9ac2-fa686b20c43c" testListId="8c84fa94-04c1-424b-9868-57a2d4851a1d" />
    <TestEntry testId="12cefc95-5d89-c605-c676-c6666088c5b3" executionId="b9f348b7-cd6e-4ca2-a6d9-d5a959d5ec79" testListId="8c84fa94-04c1-424b-9868-57a2d4851a1d" />
    <TestEntry testId="183ee398-f941-fcf0-b5a1-818cbe1573a6" executionId="0e20ed89-c2f8-4ac1-889f-c514eef8ceef" testListId="8c84fa94-04c1-424b-9868-57a2d4851a1d" />
    <TestEntry testId="1e682f06-c984-824a-f34a-32f4231def54" executionId="e4811b38-3a71-4c67-b2cc-49c0198592e5" testListId="8c84fa94-04c1-424b-9868-57a2d4851a1d" />
    <TestEntry testId="216b5718-4bd4-6097-53ca-226f89fd0359" executionId="cd35b5bc-747f-4269-b4aa-39457c9cdd05" testListId="8c84fa94-04c1-424b-9868-57a2d4851a1d" />
    <TestEntry testId="234565a9-9370-2bc0-4c42-85df4b431ce3" executionId="00337df3-8216-4c25-a358-8cb3745f81aa" testListId="8c84fa94-04c1-424b-9868-57a2d4851a1d" />
    <TestEntry testId="2d80cd66-1633-1662-54e1-c5806e7eb800" executionId="7b307516-c924-41a3-ad86-183affc29087" testListId="8c84fa94-04c1-424b-9868-57a2d4851a1d" />
    <TestEntry testId="38068b20-a28a-0024-bdff-eecbc048f33a" executionId="43fe6f14-53fa-488a-b281-1bd4eb87d96f" testListId="8c84fa94-04c1-424b-9868-57a2d4851a1d" />
    <TestEntry testId="38870fea-6ceb-2cdf-7cbf-2cf05882dacd" executionId="82b9ff57-9197-4c66-ba02-f2723b3c1934" testListId="8c84fa94-04c1-424b-9868-57a2d4851a1d" />
    <TestEntry testId="66e14f3b-35d4-7e8a-9bcc-c11a69d1b628" executionId="6a924d6b-c5cb-4460-b5e7-a749c29e1f84" testListId="8c84fa94-04c1-424b-9868-57a2d4851a1d" />
    <TestEntry testId="6adb89d0-b6b5-d18b-4cf6-ecfdb624cb55" executionId="cd1536f6-c9e3-4451-9896-1dd8f4993ae9" testListId="8c84fa94-04c1-424b-9868-57a2d4851a1d" />
    <TestEntry testId="6f314939-7551-fa1d-dac4-16ef1bd0e910" executionId="f1d99144-0dbd-4dc9-8027-c712051fe2d0" testListId="8c84fa94-04c1-424b-9868-57a2d4851a1d" />
    <TestEntry testId="740c8d06-ca32-5fa8-6216-55d309c191b2" executionId="1b2e3909-cb02-4790-98b2-af6c29a6d11c" testListId="8c84fa94-04c1-424b-9868-57a2d4851a1d" />
    <TestEntry testId="83b86e71-838e-9106-009c-0328dff7f341" executionId="fac3ec1c-f408-4259-a78f-ef04b2342125" testListId="8c84fa94-04c1-424b-9868-57a2d4851a1d" />
    <TestEntry testId="918d62d4-0f8a-b471-d731-308cf8a0e4b1" executionId="8cc39c76-6bdb-43df-abac-c48999092dd3" testListId="8c84fa94-04c1-424b-9868-57a2d4851a1d" />
    <TestEntry testId="98bea2f0-943a-cea8-daa8-0185277b476a" executionId="9327ce52-9885-423e-adda-1c4bfd5edff1" testListId="8c84fa94-04c1-424b-9868-57a2d4851a1d" />
    <TestEntry testId="99cd90c5-4134-84e6-0958-fdb058ced183" executionId="a497f0e9-76dc-4a8f-adba-35b29b334b65" testListId="8c84fa94-04c1-424b-9868-57a2d4851a1d" />
    <TestEntry testId="9b5e4c1d-75f0-ef57-97e4-b18106de3264" executionId="3b0e472d-e805-4599-924c-7f7671dd505c" testListId="8c84fa94-04c1-424b-9868-57a2d4851a1d" />
    <TestEntry testId="9ba770e0-0e0d-1b19-eef4-6de0771752f6" executionId="878e07d9-52f0-4f54-9dd7-8a24ad5c6d01" testListId="8c84fa94-04c1-424b-9868-57a2d4851a1d" />
    <TestEntry testId="a2e448b8-4296-e572-c17b-1815d50814af" executionId="f548814d-bb34-455d-a2f0-a4e04a90661b" testListId="8c84fa94-04c1-424b-9868-57a2d4851a1d" />
    <TestEntry testId="a6993fb8-9798-80e3-682c-43e6a1891d6a" executionId="8a061b9f-c2c8-420b-94ce-8d5337c66ba3" testListId="8c84fa94-04c1-424b-9868-57a2d4851a1d" />
    <TestEntry testId="b0807b3b-793c-48a6-cb98-aa0dcaf2bf90" executionId="37f5740a-b9d2-4bf8-ba77-545a4edec990" testListId="8c84fa94-04c1-424b-9868-57a2d4851a1d" />
    <TestEntry testId="cbbc67a1-65a0-501d-7c6c-ab0d1e88878e" executionId="5538f919-27dd-458c-87ea-aebdd745442b" testListId="8c84fa94-04c1-424b-9868-57a2d4851a1d" />
    <TestEntry testId="d6c9c08a-6e57-7a0b-5c23-f1577eea53f2" executionId="b81e1385-5989-4424-b0b3-1bfb3d316078" testListId="8c84fa94-04c1-424b-9868-57a2d4851a1d" />
    <TestEntry testId="ed6d8e19-eafb-5ecb-c310-41a2af878912" executionId="528a9040-d7fb-4a2d-9200-fff0d1935d17" testListId="8c84fa94-04c1-424b-9868-57a2d4851a1d" />
    <TestEntry testId="f1a48eb2-3f50-b3b1-5ea3-aa4dbaa8527c" executionId="49cdaac8-dcb1-4eab-8e4b-e2957cae3b40" testListId="8c84fa94-04c1-424b-9868-57a2d4851a1d" />
    <TestEntry testId="f364633a-e3b3-6ef5-7899-d7dddcf2f7e2" executionId="a1936ca2-ba3c-461f-82da-4f02f55f1d8a" testListId="8c84fa94-04c1-424b-9868-57a2d4851a1d" />
    <TestEntry testId="f5a547a7-ee24-959f-8825-0044a66fb5e4" executionId="f476b648-154e-4815-99f5-d2f0cc31bcde" testListId="8c84fa94-04c1-424b-9868-57a2d4851a1d" />
  </TestEntries>
  <Results>
    <UnitTestResult executionId="5c42c7b6-19e2-4083-9568-d13bb5340e63" testId="08409353-5a43-251a-25ff-10633b1b0ad9" testName="RegisterPostReturnsViewIfRegistrationFails" computerName="DRABB-B96A570CE" duration="00:00:00.1161424" startTime="2009-12-14T22:33:06.0110000-05:00" endTime="2009-12-14T22:33:06.6516250-05:00" testType="13cdc9d9-ddb5-4fa4-a97d-d965ccfc6d4b" outcome="Passed" testListId="8c84fa94-04c1-424b-9868-57a2d4851a1d">
      <Output>
      </Output>
    </UnitTestResult>
    <UnitTestResult executionId="62ddd4a3-8337-4b04-9ac2-fa686b20c43c" testId="08ccbb73-938c-b776-9f1a-6062fff03b34" testName="ChangePasswordPostRedirectsOnSuccess" computerName="DRABB-B96A570CE" duration="00:00:00.0032579" startTime="2009-12-14T22:33:06.6516250-05:00" endTime="2009-12-14T22:33:06.6516250-05:00" testType="13cdc9d9-ddb5-4fa4-a97d-d965ccfc6d4b" outcome="Passed" testListId="8c84fa94-04c1-424b-9868-57a2d4851a1d">
      <Output>
      </Output>
    </UnitTestResult>
    <UnitTestResult executionId="b9f348b7-cd6e-4ca2-a6d9-d5a959d5ec79" testId="12cefc95-5d89-c605-c676-c6666088c5b3" testName="LoginPostReturnsViewIfUsernameOrPasswordIsIncorrect" computerName="DRABB-B96A570CE" duration="00:00:00.0014979" startTime="2009-12-14T22:33:06.6516250-05:00" endTime="2009-12-14T22:33:06.6672500-05:00" testType="13cdc9d9-ddb5-4fa4-a97d-d965ccfc6d4b" outcome="Passed" testListId="8c84fa94-04c1-424b-9868-57a2d4851a1d">
      <Output>
      </Output>
    </UnitTestResult>
    <UnitTestResult executionId="0e20ed89-c2f8-4ac1-889f-c514eef8ceef" testId="183ee398-f941-fcf0-b5a1-818cbe1573a6" testName="LoginPostRedirectsHomeIfLoginSuccessfulButNoReturnUrlGiven" computerName="DRABB-B96A570CE" duration="00:00:00.0044178" startTime="2009-12-14T22:33:06.6672500-05:00" endTime="2009-12-14T22:33:06.6672500-05:00" testType="13cdc9d9-ddb5-4fa4-a97d-d965ccfc6d4b" outcome="Passed" testListId="8c84fa94-04c1-424b-9868-57a2d4851a1d">
      <Output>
      </Output>
    </UnitTestResult>
    <UnitTestResult executionId="e4811b38-3a71-4c67-b2cc-49c0198592e5" testId="1e682f06-c984-824a-f34a-32f4231def54" testName="ChangePasswordPostReturnsViewIfCurrentPasswordNotSpecified" computerName="DRABB-B96A570CE" duration="00:00:00.0016507" startTime="2009-12-14T22:33:06.6672500-05:00" endTime="2009-12-14T22:33:06.6828750-05:00" testType="13cdc9d9-ddb5-4fa4-a97d-d965ccfc6d4b" outcome="Passed" testListId="8c84fa94-04c1-424b-9868-57a2d4851a1d">
      <Output>
      </Output>
    </UnitTestResult>
    <UnitTestResult executionId="cd35b5bc-747f-4269-b4aa-39457c9cdd05" testId="216b5718-4bd4-6097-53ca-226f89fd0359" testName="ChangePasswordPostReturnsViewIfNewPasswordIsNull" computerName="DRABB-B96A570CE" duration="00:00:00.0005115" startTime="2009-12-14T22:33:06.6828750-05:00" endTime="2009-12-14T22:33:06.6828750-05:00" testType="13cdc9d9-ddb5-4fa4-a97d-d965ccfc6d4b" outcome="Passed" testListId="8c84fa94-04c1-424b-9868-57a2d4851a1d">
      <Output>
      </Output>
    </UnitTestResult>
    <UnitTestResult executionId="00337df3-8216-4c25-a358-8cb3745f81aa" testId="234565a9-9370-2bc0-4c42-85df4b431ce3" testName="LoginPostReturnsViewIfPasswordNotSpecified" computerName="DRABB-B96A570CE" duration="00:00:00.0004562" startTime="2009-12-14T22:33:06.6828750-05:00" endTime="2009-12-14T22:33:06.6828750-05:00" testType="13cdc9d9-ddb5-4fa4-a97d-d965ccfc6d4b" outcome="Passed" testListId="8c84fa94-04c1-424b-9868-57a2d4851a1d">
      <Output>
      </Output>
    </UnitTestResult>
    <UnitTestResult executionId="7b307516-c924-41a3-ad86-183affc29087" testId="2d80cd66-1633-1662-54e1-c5806e7eb800" testName="About" computerName="DRABB-B96A570CE" duration="00:00:00.0009230" startTime="2009-12-14T22:33:06.6828750-05:00" endTime="2009-12-14T22:33:06.6985000-05:00" testType="13cdc9d9-ddb5-4fa4-a97d-d965ccfc6d4b" outcome="Passed" testListId="8c84fa94-04c1-424b-9868-57a2d4851a1d">
      <Output>
      </Output>
    </UnitTestResult>
    <UnitTestResult executionId="43fe6f14-53fa-488a-b281-1bd4eb87d96f" testId="38068b20-a28a-0024-bdff-eecbc048f33a" testName="ChangePasswordPostReturnsViewIfNewPasswordDoesNotMatchConfirmPassword" computerName="DRABB-B96A570CE" duration="00:00:00.0005313" startTime="2009-12-14T22:33:06.6985000-05:00" endTime="2009-12-14T22:33:06.6985000-05:00" testType="13cdc9d9-ddb5-4fa4-a97d-d965ccfc6d4b" outcome="Passed" testListId="8c84fa94-04c1-424b-9868-57a2d4851a1d">
      <Output>
      </Output>
    </UnitTestResult>
    <UnitTestResult executionId="82b9ff57-9197-4c66-ba02-f2723b3c1934" testId="38870fea-6ceb-2cdf-7cbf-2cf05882dacd" testName="RegisterPostReturnsViewIfPasswordIsNull" computerName="DRABB-B96A570CE" duration="00:00:00.0005260" startTime="2009-12-14T22:33:06.6985000-05:00" endTime="2009-12-14T22:33:06.6985000-05:00" testType="13cdc9d9-ddb5-4fa4-a97d-d965ccfc6d4b" outcome="Passed" testListId="8c84fa94-04c1-424b-9868-57a2d4851a1d">
      <Output>
      </Output>
    </UnitTestResult>
    <UnitTestResult executionId="6a924d6b-c5cb-4460-b5e7-a749c29e1f84" testId="66e14f3b-35d4-7e8a-9bcc-c11a69d1b628" testName="Index" computerName="DRABB-B96A570CE" duration="00:00:00.0004003" startTime="2009-12-14T22:33:06.6985000-05:00" endTime="2009-12-14T22:33:06.7141250-05:00" testType="13cdc9d9-ddb5-4fa4-a97d-d965ccfc6d4b" outcome="Passed" testListId="8c84fa94-04c1-424b-9868-57a2d4851a1d">
      <Output>
      </Output>
    </UnitTestResult>
    <UnitTestResult executionId="cd1536f6-c9e3-4451-9896-1dd8f4993ae9" testId="6adb89d0-b6b5-d18b-4cf6-ecfdb624cb55" testName="RegisterGet" computerName="DRABB-B96A570CE" duration="00:00:00.0004877" startTime="2009-12-14T22:33:06.7141250-05:00" endTime="2009-12-14T22:33:06.7141250-05:00" testType="13cdc9d9-ddb5-4fa4-a97d-d965ccfc6d4b" outcome="Passed" testListId="8c84fa94-04c1-424b-9868-57a2d4851a1d">
      <Output>
      </Output>
    </UnitTestResult>
    <UnitTestResult executionId="f1d99144-0dbd-4dc9-8027-c712051fe2d0" testId="6f314939-7551-fa1d-dac4-16ef1bd0e910" testName="RegisterPostReturnsViewIfNewPasswordDoesNotMatchConfirmPassword" computerName="DRABB-B96A570CE" duration="00:00:00.0005182" startTime="2009-12-14T22:33:06.7141250-05:00" endTime="2009-12-14T22:33:06.7141250-05:00" testType="13cdc9d9-ddb5-4fa4-a97d-d965ccfc6d4b" outcome="Passed" testListId="8c84fa94-04c1-424b-9868-57a2d4851a1d">
      <Output>
      </Output>
    </UnitTestResult>
    <UnitTestResult executionId="1b2e3909-cb02-4790-98b2-af6c29a6d11c" testId="740c8d06-ca32-5fa8-6216-55d309c191b2" testName="Movie_Should_Be_Valid_When_Props_Correct" computerName="DRABB-B96A570CE" duration="00:00:00.1681551" startTime="2009-12-14T22:33:06.7141250-05:00" endTime="2009-12-14T22:33:06.8860000-05:00" testType="13cdc9d9-ddb5-4fa4-a97d-d965ccfc6d4b" outcome="Failed" testListId="8c84fa94-04c1-424b-9868-57a2d4851a1d">
      <Output>
        <ErrorInfo>
          <Message>Test method MovieDB.Tests.Models.MovieTest.Movie_Should_Be_Valid_When_Props_Correct threw exception:  System.NullReferenceException: Object reference not set to an instance of an object..</Message>
          <StackTrace>    at MovieDB.Models.MovieDBDataContext..ctor() in C:\Documents and Settings\DRabb\My Documents\Visual Studio 2008\Projects\MovieDB\MovieDB\Models\MovieDB.designer.cs:line 56
   at MovieDB.Models.Movie.&lt;GetRuleViolations&gt;d__0.MoveNext() in C:\Documents and Settings\DRabb\My Documents\Visual Studio 2008\Projects\MovieDB\MovieDB\Models\Movie.cs:line 21
   at System.Linq.Enumerable.Count[TSource](IEnumerable`1 source)
   at MovieDB.Models.Movie.get_IsValid() in C:\Documents and Settings\DRabb\My Documents\Visual Studio 2008\Projects\MovieDB\MovieDB\Models\Movie.cs:line 11
   at MovieDB.Tests.Models.MovieTest.Movie_Should_Be_Valid_When_Props_Correct() in C:\Documents and Settings\DRabb\My Documents\Visual Studio 2008\Projects\MovieDB\MovieDB.Tests\Models\MovieTest.cs:line 49
</StackTrace>
        </ErrorInfo>
      </Output>
    </UnitTestResult>
    <UnitTestResult executionId="fac3ec1c-f408-4259-a78f-ef04b2342125" testId="83b86e71-838e-9106-009c-0328dff7f341" testName="LoginPostReturnsViewIfUsernameNotSpecified" computerName="DRABB-B96A570CE" duration="00:00:00.0004914" startTime="2009-12-14T22:33:06.8860000-05:00" endTime="2009-12-14T22:33:06.9016250-05:00" testType="13cdc9d9-ddb5-4fa4-a97d-d965ccfc6d4b" outcome="Passed" testListId="8c84fa94-04c1-424b-9868-57a2d4851a1d">
      <Output>
      </Output>
    </UnitTestResult>
    <UnitTestResult executionId="8cc39c76-6bdb-43df-abac-c48999092dd3" testId="918d62d4-0f8a-b471-d731-308cf8a0e4b1" testName="ChangePasswordPostReturnsViewIfNewPasswordIsTooShort" computerName="DRABB-B96A570CE" duration="00:00:00.0008593" startTime="2009-12-14T22:33:06.9016250-05:00" endTime="2009-12-14T22:33:06.9016250-05:00" testType="13cdc9d9-ddb5-4fa4-a97d-d965ccfc6d4b" outcome="Passed" testListId="8c84fa94-04c1-424b-9868-57a2d4851a1d">
      <Output>
      </Output>
    </UnitTestResult>
    <UnitTestResult executionId="9327ce52-9885-423e-adda-1c4bfd5edff1" testId="98bea2f0-943a-cea8-daa8-0185277b476a" testName="LoginGet" computerName="DRABB-B96A570CE" duration="00:00:00.0003715" startTime="2009-12-14T22:33:06.9016250-05:00" endTime="2009-12-14T22:33:06.9016250-05:00" testType="13cdc9d9-ddb5-4fa4-a97d-d965ccfc6d4b" outcome="Passed" testListId="8c84fa94-04c1-424b-9868-57a2d4851a1d">
      <Output>
      </Output>
    </UnitTestResult>
    <UnitTestResult executionId="a497f0e9-76dc-4a8f-adba-35b29b334b65" testId="99cd90c5-4134-84e6-0958-fdb058ced183" testName="RegisterPostReturnsViewIfEmailNotSpecified" computerName="DRABB-B96A570CE" duration="00:00:00.0006417" startTime="2009-12-14T22:33:06.9016250-05:00" endTime="2009-12-14T22:33:06.9172500-05:00" testType="13cdc9d9-ddb5-4fa4-a97d-d965ccfc6d4b" outcome="Passed" testListId="8c84fa94-04c1-424b-9868-57a2d4851a1d">
      <Output>
      </Output>
    </UnitTestResult>
    <UnitTestResult executionId="3b0e472d-e805-4599-924c-7f7671dd505c" testId="9b5e4c1d-75f0-ef57-97e4-b18106de3264" testName="Movie_Should_Be_Invalid_When_Props_Incorrect" computerName="DRABB-B96A570CE" duration="00:00:00.0040893" startTime="2009-12-14T22:33:06.9172500-05:00" endTime="2009-12-14T22:33:06.9172500-05:00" testType="13cdc9d9-ddb5-4fa4-a97d-d965ccfc6d4b" outcome="Failed" testListId="8c84fa94-04c1-424b-9868-57a2d4851a1d">
      <Output>
        <ErrorInfo>
          <Message>Test method MovieDB.Tests.Models.MovieTest.Movie_Should_Be_Invalid_When_Props_Incorrect threw exception:  System.NullReferenceException: Object reference not set to an instance of an object..</Message>
          <StackTrace>    at MovieDB.Models.MovieDBDataContext..ctor() in C:\Documents and Settings\DRabb\My Documents\Visual Studio 2008\Projects\MovieDB\MovieDB\Models\MovieDB.designer.cs:line 56
   at MovieDB.Models.Movie.&lt;GetRuleViolations&gt;d__0.MoveNext() in C:\Documents and Settings\DRabb\My Documents\Visual Studio 2008\Projects\MovieDB\MovieDB\Models\Movie.cs:line 21
   at System.Linq.Enumerable.Count[TSource](IEnumerable`1 source)
   at MovieDB.Models.Movie.get_IsValid() in C:\Documents and Settings\DRabb\My Documents\Visual Studio 2008\Projects\MovieDB\MovieDB\Models\Movie.cs:line 11
   at MovieDB.Tests.Models.MovieTest.Movie_Should_Be_Invalid_When_Props_Incorrect() in C:\Documents and Settings\DRabb\My Documents\Visual Studio 2008\Projects\MovieDB\MovieDB.Tests\Models\MovieTest.cs:line 30
</StackTrace>
        </ErrorInfo>
      </Output>
    </UnitTestResult>
    <UnitTestResult executionId="878e07d9-52f0-4f54-9dd7-8a24ad5c6d01" testId="9ba770e0-0e0d-1b19-eef4-6de0771752f6" testName="LoginPostRedirectsToReturnUrlIfLoginSuccessfulAndReturnUrlGiven" computerName="DRABB-B96A570CE" duration="00:00:00.0005768" startTime="2009-12-14T22:33:06.9172500-05:00" endTime="2009-12-14T22:33:06.9328750-05:00" testType="13cdc9d9-ddb5-4fa4-a97d-d965ccfc6d4b" outcome="Passed" testListId="8c84fa94-04c1-424b-9868-57a2d4851a1d">
      <Output>
      </Output>
    </UnitTestResult>
    <UnitTestResult executionId="f548814d-bb34-455d-a2f0-a4e04a90661b" testId="a2e448b8-4296-e572-c17b-1815d50814af" testName="RegisterPostReturnsViewIfUsernameNotSpecified" computerName="DRABB-B96A570CE" duration="00:00:00.0009928" startTime="2009-12-14T22:33:06.9328750-05:00" endTime="2009-12-14T22:33:06.9328750-05:00" testType="13cdc9d9-ddb5-4fa4-a97d-d965ccfc6d4b" outcome="Passed" testListId="8c84fa94-04c1-424b-9868-57a2d4851a1d">
      <Output>
      </Output>
    </UnitTestResult>
    <UnitTestResult executionId="8a061b9f-c2c8-420b-94ce-8d5337c66ba3" testId="a6993fb8-9798-80e3-682c-43e6a1891d6a" testName="ConstructorSetsPropertiesToDefaultValues" computerName="DRABB-B96A570CE" duration="00:00:00.0800084" startTime="2009-12-14T22:33:06.9328750-05:00" endTime="2009-12-14T22:33:07.0266250-05:00" testType="13cdc9d9-ddb5-4fa4-a97d-d965ccfc6d4b" outcome="Passed" testListId="8c84fa94-04c1-424b-9868-57a2d4851a1d">
      <Output>
      </Output>
    </UnitTestResult>
    <UnitTestResult executionId="37f5740a-b9d2-4bf8-ba77-545a4edec990" testId="b0807b3b-793c-48a6-cb98-aa0dcaf2bf90" testName="LogOff" computerName="DRABB-B96A570CE" duration="00:00:00.0006076" startTime="2009-12-14T22:33:07.0266250-05:00" endTime="2009-12-14T22:33:07.0266250-05:00" testType="13cdc9d9-ddb5-4fa4-a97d-d965ccfc6d4b" outcome="Passed" testListId="8c84fa94-04c1-424b-9868-57a2d4851a1d">
      <Output>
      </Output>
    </UnitTestResult>
    <UnitTestResult executionId="5538f919-27dd-458c-87ea-aebdd745442b" testId="cbbc67a1-65a0-501d-7c6c-ab0d1e88878e" testName="ConstructorSetsProperties" computerName="DRABB-B96A570CE" duration="00:00:00.0007053" startTime="2009-12-14T22:33:07.0266250-05:00" endTime="2009-12-14T22:33:07.0266250-05:00" testType="13cdc9d9-ddb5-4fa4-a97d-d965ccfc6d4b" outcome="Passed" testListId="8c84fa94-04c1-424b-9868-57a2d4851a1d">
      <Output>
      </Output>
    </UnitTestResult>
    <UnitTestResult executionId="b81e1385-5989-4424-b0b3-1bfb3d316078" testId="d6c9c08a-6e57-7a0b-5c23-f1577eea53f2" testName="RegisterPostRedirectsHomeIfRegistrationSuccessful" computerName="DRABB-B96A570CE" duration="00:00:00.0003682" startTime="2009-12-14T22:33:07.0266250-05:00" endTime="2009-12-14T22:33:07.0422500-05:00" testType="13cdc9d9-ddb5-4fa4-a97d-d965ccfc6d4b" outcome="Passed" testListId="8c84fa94-04c1-424b-9868-57a2d4851a1d">
      <Output>
      </Output>
    </UnitTestResult>
    <UnitTestResult executionId="528a9040-d7fb-4a2d-9200-fff0d1935d17" testId="ed6d8e19-eafb-5ecb-c310-41a2af878912" testName="ChangePasswordSuccess" computerName="DRABB-B96A570CE" duration="00:00:00.0003628" startTime="2009-12-14T22:33:07.0422500-05:00" endTime="2009-12-14T22:33:07.0422500-05:00" testType="13cdc9d9-ddb5-4fa4-a97d-d965ccfc6d4b" outcome="Passed" testListId="8c84fa94-04c1-424b-9868-57a2d4851a1d">
      <Output>
      </Output>
    </UnitTestResult>
    <UnitTestResult executionId="49cdaac8-dcb1-4eab-8e4b-e2957cae3b40" testId="f1a48eb2-3f50-b3b1-5ea3-aa4dbaa8527c" testName="RegisterPostReturnsViewIfPasswordIsTooShort" computerName="DRABB-B96A570CE" duration="00:00:00.0005307" startTime="2009-12-14T22:33:07.0422500-05:00" endTime="2009-12-14T22:33:07.0422500-05:00" testType="13cdc9d9-ddb5-4fa4-a97d-d965ccfc6d4b" outcome="Passed" testListId="8c84fa94-04c1-424b-9868-57a2d4851a1d">
      <Output>
      </Output>
    </UnitTestResult>
    <UnitTestResult executionId="a1936ca2-ba3c-461f-82da-4f02f55f1d8a" testId="f364633a-e3b3-6ef5-7899-d7dddcf2f7e2" testName="ChangePasswordGetReturnsView" computerName="DRABB-B96A570CE" duration="00:00:00.0004969" startTime="2009-12-14T22:33:07.0422500-05:00" endTime="2009-12-14T22:33:07.0578750-05:00" testType="13cdc9d9-ddb5-4fa4-a97d-d965ccfc6d4b" outcome="Passed" testListId="8c84fa94-04c1-424b-9868-57a2d4851a1d">
      <Output>
      </Output>
    </UnitTestResult>
    <UnitTestResult executionId="f476b648-154e-4815-99f5-d2f0cc31bcde" testId="f5a547a7-ee24-959f-8825-0044a66fb5e4" testName="ChangePasswordPostReturnsViewIfProviderRejectsPassword" computerName="DRABB-B96A570CE" duration="00:00:00.0005310" startTime="2009-12-14T22:33:07.0578750-05:00" endTime="2009-12-14T22:33:07.0578750-05:00" testType="13cdc9d9-ddb5-4fa4-a97d-d965ccfc6d4b" outcome="Passed" testListId="8c84fa94-04c1-424b-9868-57a2d4851a1d">
      <Output>
      </Output>
    </UnitTestResult>
  </Results>
</TestRun>