<?xml version="1.0" encoding="UTF-8"?>
<TestRun id="8cce4023-fd6f-435f-85f3-da1c220b65ad" name="DRabb@DRABB-B96A570CE 2009-12-22 22:40:33" runUser="DRABB-B96A570CE\DRabb" xmlns="http://microsoft.com/schemas/VisualStudio/TeamTest/2006">
  <TestRunConfiguration name="Default Run Configuration" id="f72656c7-b05c-44dc-a410-c3ecc407cec4">
    <Deployment runDeploymentRoot="C:\Documents and Settings\DRabb\My Documents\Visual Studio 2008\Projects\MovieDB\TestResults\DRabb_DRABB-B96A570CE 2009-12-22 22_40_33">
      <DeploymentItem filename="C:\Documents and Settings\DRabb\My Documents\Visual Studio 2008\Projects\MovieDB\MovieDB\bin\MovieDB.dll" />
    </Deployment>
    <Hosts skipUnhostableTests="false" />
    <TestTypeSpecific />
  </TestRunConfiguration>
  <ResultSummary outcome="Completed">
    <Counters total="3" executed="3" passed="3" error="0" failed="0" timeout="0" aborted="0" inconclusive="0" passedButRunAborted="0" notRunnable="0" notExecuted="0" disconnected="0" warning="0" completed="0" inProgress="0" pending="0" />
  </ResultSummary>
  <Times creation="2009-12-22T22:40:33.3680000-05:00" queuing="2009-12-22T22:40:34.1492500-05:00" start="2009-12-22T22:40:34.3055000-05:00" finish="2009-12-22T22:40:35.1648750-05:00" />
  <TestDefinitions>
    <UnitTest name="DetailsAction_Should_Return_NotFound_For_Bad_ID" storage="c:\documents and settings\drabb\my documents\visual studio 2008\projects\moviedb\moviedb.tests\bin\debug\moviedb.tests.dll" id="f2d4d1ec-d8eb-d251-a96b-d89c4f55972b">
      <Css projectStructure="" iteration="" />
      <Owners>
        <Owner name="" />
      </Owners>
      <Execution id="f9e57969-7733-4a8c-9b88-b4c1914b1bf5" />
      <TestMethod codeBase="C:\Documents and Settings\DRabb\My Documents\Visual Studio 2008\Projects\MovieDB\MovieDB.Tests\bin\Debug\MovieDB.Tests.dll" adapterTypeName="Microsoft.VisualStudio.TestTools.TestTypes.Unit.UnitTestAdapter, Microsoft.VisualStudio.QualityTools.Tips.UnitTest.Adapter, Version=9.0.0.0, Culture=neutral, PublicKeyToken=b03f5f7f11d50a3a" className="MovieDB.Tests.Controllers.MoviesControllerTest, MovieDB.Tests" name="DetailsAction_Should_Return_NotFound_For_Bad_ID" />
    </UnitTest>
    <UnitTest name="DetailsAction_Should_Return_View_For_Existing_Movie" storage="c:\documents and settings\drabb\my documents\visual studio 2008\projects\moviedb\moviedb.tests\bin\debug\moviedb.tests.dll" id="2d03e317-e374-2bb0-8426-fb9f71d96073">
      <Css projectStructure="" iteration="" />
      <Owners>
        <Owner name="" />
      </Owners>
      <Execution id="1a75f91c-328f-4381-90a3-595642c8427b" />
      <TestMethod codeBase="C:\Documents and Settings\DRabb\My Documents\Visual Studio 2008\Projects\MovieDB\MovieDB.Tests\bin\Debug\MovieDB.Tests.dll" adapterTypeName="Microsoft.VisualStudio.TestTools.TestTypes.Unit.UnitTestAdapter, Microsoft.VisualStudio.QualityTools.Tips.UnitTest.Adapter, Version=9.0.0.0, Culture=neutral, PublicKeyToken=b03f5f7f11d50a3a" className="MovieDB.Tests.Controllers.MoviesControllerTest, MovieDB.Tests" name="DetailsAction_Should_Return_View_For_Existing_Movie" />
    </UnitTest>
    <UnitTest name="EditAction_Should_Return_View_For_ValidMovie" storage="c:\documents and settings\drabb\my documents\visual studio 2008\projects\moviedb\moviedb.tests\bin\debug\moviedb.tests.dll" id="a7f04682-c434-1da6-561f-0020bf46eff8">
      <Css projectStructure="" iteration="" />
      <Owners>
        <Owner name="" />
      </Owners>
      <Execution id="03877eab-6624-453b-b9b3-e58d258a94a5" />
      <TestMethod codeBase="C:\Documents and Settings\DRabb\My Documents\Visual Studio 2008\Projects\MovieDB\MovieDB.Tests\bin\Debug\MovieDB.Tests.dll" adapterTypeName="Microsoft.VisualStudio.TestTools.TestTypes.Unit.UnitTestAdapter, Microsoft.VisualStudio.QualityTools.Tips.UnitTest.Adapter, Version=9.0.0.0, Culture=neutral, PublicKeyToken=b03f5f7f11d50a3a" className="MovieDB.Tests.Controllers.MoviesControllerTest, MovieDB.Tests" name="EditAction_Should_Return_View_For_ValidMovie" />
    </UnitTest>
  </TestDefinitions>
  <TestLists>
    <TestList name="Results Not in a List" id="8c84fa94-04c1-424b-9868-57a2d4851a1d" />
    <TestList name="All Loaded Results" id="19431567-8539-422a-85d7-44ee4e166bda" />
  </TestLists>
  <TestEntries>
    <TestEntry testId="2d03e317-e374-2bb0-8426-fb9f71d96073" executionId="1a75f91c-328f-4381-90a3-595642c8427b" testListId="8c84fa94-04c1-424b-9868-57a2d4851a1d" />
    <TestEntry testId="a7f04682-c434-1da6-561f-0020bf46eff8" executionId="03877eab-6624-453b-b9b3-e58d258a94a5" testListId="8c84fa94-04c1-424b-9868-57a2d4851a1d" />
    <TestEntry testId="f2d4d1ec-d8eb-d251-a96b-d89c4f55972b" executionId="f9e57969-7733-4a8c-9b88-b4c1914b1bf5" testListId="8c84fa94-04c1-424b-9868-57a2d4851a1d" />
  </TestEntries>
  <Results>
    <UnitTestResult executionId="1a75f91c-328f-4381-90a3-595642c8427b" testId="2d03e317-e374-2bb0-8426-fb9f71d96073" testName="DetailsAction_Should_Return_View_For_Existing_Movie" computerName="DRABB-B96A570CE" duration="00:00:00.0173161" startTime="2009-12-22T22:40:34.3992500-05:00" endTime="2009-12-22T22:40:34.9305000-05:00" testType="13cdc9d9-ddb5-4fa4-a97d-d965ccfc6d4b" outcome="Passed" testListId="8c84fa94-04c1-424b-9868-57a2d4851a1d">
      <Output>
      </Output>
    </UnitTestResult>
    <UnitTestResult executionId="03877eab-6624-453b-b9b3-e58d258a94a5" testId="a7f04682-c434-1da6-561f-0020bf46eff8" testName="EditAction_Should_Return_View_For_ValidMovie" computerName="DRABB-B96A570CE" duration="00:00:00.0353363" startTime="2009-12-22T22:40:34.9305000-05:00" endTime="2009-12-22T22:40:34.9773750-05:00" testType="13cdc9d9-ddb5-4fa4-a97d-d965ccfc6d4b" outcome="Passed" testListId="8c84fa94-04c1-424b-9868-57a2d4851a1d">
      <Output>
      </Output>
    </UnitTestResult>
    <UnitTestResult executionId="f9e57969-7733-4a8c-9b88-b4c1914b1bf5" testId="f2d4d1ec-d8eb-d251-a96b-d89c4f55972b" testName="DetailsAction_Should_Return_NotFound_For_Bad_ID" computerName="DRABB-B96A570CE" duration="00:00:00.1171710" startTime="2009-12-22T22:40:34.9773750-05:00" endTime="2009-12-22T22:40:35.1023750-05:00" testType="13cdc9d9-ddb5-4fa4-a97d-d965ccfc6d4b" outcome="Passed" testListId="8c84fa94-04c1-424b-9868-57a2d4851a1d">
      <Output>
      </Output>
    </UnitTestResult>
  </Results>
</TestRun>