<?xml version="1.0" encoding="UTF-8"?>
<TestRun id="38007717-b27a-4952-a766-7b1c94449d64" name="DRabb@DRABB-B96A570CE 2009-12-14 23:01:38" runUser="DRABB-B96A570CE\DRabb" xmlns="http://microsoft.com/schemas/VisualStudio/TeamTest/2006">
  <TestRunConfiguration name="Default Run Configuration" id="925169fa-45f7-4afc-be61-3d69eaefd663">
    <Deployment runDeploymentRoot="C:\Documents and Settings\DRabb\My Documents\Visual Studio 2008\Projects\MovieDB\TestResults\DRabb_DRABB-B96A570CE 2009-12-14 23_01_38">
      <DeploymentItem filename="C:\Documents and Settings\DRabb\My Documents\Visual Studio 2008\Projects\MovieDB\MovieDB\bin\MovieDB.dll" />
    </Deployment>
    <Hosts skipUnhostableTests="false" />
    <TestTypeSpecific />
  </TestRunConfiguration>
  <ResultSummary outcome="Completed">
    <Counters total="2" executed="2" passed="2" error="0" failed="0" timeout="0" aborted="0" inconclusive="0" passedButRunAborted="0" notRunnable="0" notExecuted="0" disconnected="0" warning="0" completed="0" inProgress="0" pending="0" />
  </ResultSummary>
  <Times creation="2009-12-14T23:01:38.5735000-05:00" queuing="2009-12-14T23:01:39.4172500-05:00" start="2009-12-14T23:01:39.5735000-05:00" finish="2009-12-14T23:01:40.4641250-05:00" />
  <TestDefinitions>
    <UnitTest name="DetailsAction_Should_Return_NotFound_For_Bad_ID" storage="c:\documents and settings\drabb\my documents\visual studio 2008\projects\moviedb\moviedb.tests\bin\debug\moviedb.tests.dll" id="f2d4d1ec-d8eb-d251-a96b-d89c4f55972b">
      <Css projectStructure="" iteration="" />
      <Owners>
        <Owner name="" />
      </Owners>
      <Execution id="37b1f8df-6e14-4a4f-9aad-9ee97f0b8c46" />
      <TestMethod codeBase="C:\Documents and Settings\DRabb\My Documents\Visual Studio 2008\Projects\MovieDB\MovieDB.Tests\bin\Debug\MovieDB.Tests.dll" adapterTypeName="Microsoft.VisualStudio.TestTools.TestTypes.Unit.UnitTestAdapter, Microsoft.VisualStudio.QualityTools.Tips.UnitTest.Adapter, Version=9.0.0.0, Culture=neutral, PublicKeyToken=b03f5f7f11d50a3a" className="MovieDB.Tests.Controllers.MoviesControllerTest, MovieDB.Tests" name="DetailsAction_Should_Return_NotFound_For_Bad_ID" />
    </UnitTest>
    <UnitTest name="DetailsAction_Should_Return_View_For_Existing_Movie" storage="c:\documents and settings\drabb\my documents\visual studio 2008\projects\moviedb\moviedb.tests\bin\debug\moviedb.tests.dll" id="2d03e317-e374-2bb0-8426-fb9f71d96073">
      <Css projectStructure="" iteration="" />
      <Owners>
        <Owner name="" />
      </Owners>
      <Execution id="c50d5488-7897-4d6d-b10a-308ba7f668fe" />
      <TestMethod codeBase="C:\Documents and Settings\DRabb\My Documents\Visual Studio 2008\Projects\MovieDB\MovieDB.Tests\bin\Debug\MovieDB.Tests.dll" adapterTypeName="Microsoft.VisualStudio.TestTools.TestTypes.Unit.UnitTestAdapter, Microsoft.VisualStudio.QualityTools.Tips.UnitTest.Adapter, Version=9.0.0.0, Culture=neutral, PublicKeyToken=b03f5f7f11d50a3a" className="MovieDB.Tests.Controllers.MoviesControllerTest, MovieDB.Tests" name="DetailsAction_Should_Return_View_For_Existing_Movie" />
    </UnitTest>
  </TestDefinitions>
  <TestLists>
    <TestList name="Results Not in a List" id="8c84fa94-04c1-424b-9868-57a2d4851a1d" />
    <TestList name="All Loaded Results" id="19431567-8539-422a-85d7-44ee4e166bda" />
  </TestLists>
  <TestEntries>
    <TestEntry testId="2d03e317-e374-2bb0-8426-fb9f71d96073" executionId="c50d5488-7897-4d6d-b10a-308ba7f668fe" testListId="8c84fa94-04c1-424b-9868-57a2d4851a1d" />
    <TestEntry testId="f2d4d1ec-d8eb-d251-a96b-d89c4f55972b" executionId="37b1f8df-6e14-4a4f-9aad-9ee97f0b8c46" testListId="8c84fa94-04c1-424b-9868-57a2d4851a1d" />
  </TestEntries>
  <Results>
    <UnitTestResult executionId="c50d5488-7897-4d6d-b10a-308ba7f668fe" testId="2d03e317-e374-2bb0-8426-fb9f71d96073" testName="DetailsAction_Should_Return_View_For_Existing_Movie" computerName="DRABB-B96A570CE" duration="00:00:00.2240231" startTime="2009-12-14T23:01:39.6672500-05:00" endTime="2009-12-14T23:01:40.3703750-05:00" testType="13cdc9d9-ddb5-4fa4-a97d-d965ccfc6d4b" outcome="Passed" testListId="8c84fa94-04c1-424b-9868-57a2d4851a1d">
      <Output>
      </Output>
    </UnitTestResult>
    <UnitTestResult executionId="37b1f8df-6e14-4a4f-9aad-9ee97f0b8c46" testId="f2d4d1ec-d8eb-d251-a96b-d89c4f55972b" testName="DetailsAction_Should_Return_NotFound_For_Bad_ID" computerName="DRABB-B96A570CE" duration="00:00:00.0153539" startTime="2009-12-14T23:01:40.3860000-05:00" endTime="2009-12-14T23:01:40.4016250-05:00" testType="13cdc9d9-ddb5-4fa4-a97d-d965ccfc6d4b" outcome="Passed" testListId="8c84fa94-04c1-424b-9868-57a2d4851a1d">
      <Output>
      </Output>
    </UnitTestResult>
  </Results>
</TestRun>